<?xml version="1.0" encoding="utf-16"?>
<ArrayOfScriptInfo xmlns:xsi="http://www.w3.org/2001/XMLSchema-instance" xmlns:xsd="http://www.w3.org/2001/XMLSchema">
  <ScriptInfo>
    <Enabled>true</Enabled>
    <Name>name</Name>
    <Command>cmd</Command>
    <Arguments>args</Arguments>
    <AddToRevisionGridContextMenu>false</AddToRevisionGridContextMenu>
    <OnEvent>None</OnEvent>
    <AskConfirmation>false</AskConfirmation>
    <RunInBackground>false</RunInBackground>
    <IsPowerShell>false</IsPowerShell>
    <HotkeyCommandIdentifier>0</HotkeyCommandIdentifier>
    <Icon>bug</Icon>
  </ScriptInfo>
</ArrayOfScriptInfo>