- BuildId: 22798682
  CommitId: d4295d591a45c67d812aa1c4fa17b6a0f2ea3114
  AppVeyorBuildReportUrl: https://ci.appveyor.com/api/projects/ProjectId/build/3.1.0.5443
  Branch: master
  BaseApiUrl: https://ci.appveyor.com/api/projects/ProjectId
  BaseWebUrl: https://ci.appveyor.com/project/ProjectId/build/
  PullRequestText: ''
  PullRequestTitle: ''
  TestsResultText: ''
  Id: 3.1.0.5443
  StartDate: 2019-03-04T10:01:28.8604499Z
  Duration: 612026
  Status: Success
  CommitHashList:
  - d4295d591a45c67d812aa1c4fa17b6a0f2ea3114
  Url: https://ci.appveyor.com/project/ProjectId/build/3.1.0.5443
  ShowInBuildReportTab: true
