- BuildId: 22800457
  CommitId: dfc541e7eda18a9eb620a0a352e1d6fe0141b34d
  AppVeyorBuildReportUrl: https://ci.appveyor.com/api/projects/ProjectId/build/3.1.0.5444
  Branch: master
  BaseApiUrl: https://ci.appveyor.com/api/projects/ProjectId
  BaseWebUrl: https://ci.appveyor.com/project/ProjectId/build/
  PullRequestText: PR#6326
  PullRequestTitle: Being able to navigate to a PR page of an AppVeyor build
  TestsResultText: ''
  Id: 3.1.0.5444
  StartDate: 2019-03-04T11:24:24.0204641Z
  Duration: 617524
  Status: Success
  CommitHashList:
  - dfc541e7eda18a9eb620a0a352e1d6fe0141b34d
  Url: https://ci.appveyor.com/project/ProjectId/build/3.1.0.5444
  ShowInBuildReportTab: true
  PullRequestUrl: https://github.com/gitextensions/gitextensions/pull/6326
