path[0] = C:\Development\gitextensions\ (MostRecent)
path[1] = C:\Development\RibbonWinForms\ (None)
path[2] = C:\Development\System.IO.Abstractions\ (MostRecent)
path[3] = C:\Development\gitextensions\Externals\Git.hub\ (None)
path[4] = C:\Development\test - Copy\ (None)
path[5] = C:\Development\gitextensions\Externals\conemu-inside\ (None)
path[6] = C:\Development\gitextensions.github.io\ (LessRecent)
path[7] = C:\Development\gitextensions\Externals\NBug\ (LessRecent)
path[8] = C:\Development\gitextensions\GitExtensionsDoc\ (LessRecent)
path[9] = C:\Development\test\ (None)
