[
    {
        "Name": "GitUI/CommandsDialogs/FormFormatPatch.Designer.cs",
        "OldName": null,
        "ErrorMessage": null,
        "TreeGuid": null,
        "RenameCopyPercentage": null,
        "Staged": 2,
        "DiffStatus": 0,
        "IsTracked": true,
        "IsDeleted": false,
        "IsChanged": false,
        "IsNew": false,
        "IsIgnored": false,
        "IsRenamed": false,
        "IsCopied": false,
        "IsConflict": true,
        "IsAssumeUnchanged": false,
        "IsSkipWorktree": false,
        "IsSubmodule": false,
        "IsDirty": false,
        "IsStatusOnly": false,
        "IsRangeDiff": false,
        "IsAdded": false,
        "IsUncommitted": true,
        "IsUncommittedAdded": false
    }
]