[
    {
        "Name": "subm1",
        "OldName": null,
        "ErrorMessage": null,
        "TreeGuid": null,
        "RenameCopyPercentage": null,
        "Staged": 2,
        "DiffStatus": 0,
        "IsTracked": true,
        "IsDeleted": false,
        "IsChanged": false,
        "IsNew": false,
        "IsIgnored": false,
        "IsRenamed": false,
        "IsCopied": false,
        "IsConflict": false,
        "IsAssumeUnchanged": false,
        "IsSkipWorktree": false,
        "IsSubmodule": true,
        "IsDirty": false,
        "IsStatusOnly": false,
        "IsRangeDiff": false
    },
    {
        "Name": "ignored_file",
        "OldName": null,
        "ErrorMessage": null,
        "TreeGuid": null,
        "RenameCopyPercentage": null,
        "Staged": 2,
        "DiffStatus": 0,
        "IsTracked": false,
        "IsDeleted": false,
        "IsChanged": false,
        "IsNew": true,
        "IsIgnored": true,
        "IsRenamed": false,
        "IsCopied": false,
        "IsConflict": false,
        "IsAssumeUnchanged": false,
        "IsSkipWorktree": false,
        "IsSubmodule": false,
        "IsDirty": false,
        "IsStatusOnly": false,
        "IsRangeDiff": false
    }
]