[
    {
        "Name": " no trim space0 ",
        "OldName": null,
        "ErrorMessage": null,
        "TreeGuid": null,
        "RenameCopyPercentage": null,
        "Staged": 2,
        "DiffStatus": 0,
        "IsTracked": true,
        "IsDeleted": false,
        "IsChanged": true,
        "IsNew": false,
        "IsIgnored": false,
        "IsRenamed": false,
        "IsCopied": false,
        "IsConflict": false,
        "IsAssumeUnchanged": false,
        "IsSkipWorktree": false,
        "IsSubmodule": false,
        "IsDirty": false,
        "IsStatusOnly": false,
        "IsRangeDiff": false
    },
    {
        "Name": " no trim space1 ",
        "OldName": null,
        "ErrorMessage": null,
        "TreeGuid": null,
        "RenameCopyPercentage": null,
        "Staged": 2,
        "DiffStatus": 0,
        "IsTracked": true,
        "IsDeleted": false,
        "IsChanged": true,
        "IsNew": false,
        "IsIgnored": false,
        "IsRenamed": false,
        "IsCopied": false,
        "IsConflict": false,
        "IsAssumeUnchanged": false,
        "IsSkipWorktree": false,
        "IsSubmodule": true,
        "IsDirty": true,
        "IsStatusOnly": false,
        "IsRangeDiff": false
    }
]