a867adeb7c0a22146b48ac94ea13e66d2b35e2e3 refs/heads/master
