f8b9cc6ee492d723c58f1fe8d8e154d1e1efe847 refs/tags/another_annotated_tag
d9acf227fc21c42a2cd6e055fe9b8d688fdea2ed refs/tags/tag1
f40fdff9c1759839b232b980d376378c802dd52f refs/tags/tag2
358e9746519286658f248a2104a2a628d7bc7120 refs/tags/tag3
