[
    {
        "Name": "testfile.txt",
        "OldName": null,
        "ErrorMessage": null,
        "TreeGuid": null,
        "RenameCopyPercentage": null,
        "Staged": 3,
        "DiffStatus": 0,
        "IsTracked": true,
        "IsDeleted": false,
        "IsChanged": true,
        "IsNew": false,
        "IsIgnored": false,
        "IsRenamed": false,
        "IsCopied": false,
        "IsConflict": false,
        "IsAssumeUnchanged": false,
        "IsSkipWorktree": false,
        "IsSubmodule": false,
        "IsDirty": false,
        "IsStatusOnly": false,
        "IsRangeDiff": false
    }
]