{
    "ObjectId": {
        "IsArtificial": false
    },
    "Guid": "0c350e248500e4e893e6d17dcc61591cc1cd64e7",
    "Refs": [],
    "ParentIds": [
        {
            "IsArtificial": false
        },
        {
            "IsArtificial": false
        },
        {
            "IsArtificial": false
        }
    ],
    "TreeGuid": {
        "IsArtificial": false
    },
    "Author": "Gerhard Olsson",
    "AuthorEmail": "gerhardol@users.noreply.github.com",
    "AuthorUnixTime": 1624479586,
    "AuthorDate": "2021-06-23T20:19:46Z",
    "Committer": "Gerhard Olsson",
    "CommitterEmail": "gerhardol@users.noreply.github.com",
    "CommitUnixTime": 1624479586,
    "CommitDate": "2021-06-23T20:19:46Z",
    "BuildStatus": null,
    "Subject": "wip tests",
    "Body": "wip tests\n\nsecond line\nthird line before multiple whitespace",
    "HasMultiLineMessage": true,
    "HasNotes": false,
    "IsArtificial": false,
    "HasParent": true,
    "FirstParentId": {
        "IsArtificial": false
    }
}