FilterInfo { IsRaw = True, ByDateFrom = False, DateFrom = 1/1/0001 12:00:00 AM, ByDateTo = False, DateTo = 1/1/0001 12:00:00 AM, ByAuthor = False, Author = , ByCommitter = False, Committer = , ByMessage = False, Message = , ByDiffContent = False, DiffContent = , IgnoreCase = True, HasCommitsLimit = True, ByCommitsLimit = False, CommitsLimitDefault = 1, CommitsLimit = 1, ByPathFilter = False, PathFilter = , ByBranchFilter = False, BranchFilter = , IsShowAllBranchesChecked = True, IsShowCurrentBranchOnlyChecked = False, IsShowFilteredBranchesChecked = False, ShowCurrentBranchOnly = False, ShowOnlyFirstParent = False, ShowReflogReferences = False, ShowSimplifyByDecoration = False, ShowMergeCommits = True, ShowFullHistory = False, ShowSimplifyMerges = False, HasFilter = False, HasRevisionFilter = False }