<RepositoryHistory>
  <Repositories>
    <Repository>
      <Anchor>None</Anchor>
      <Path>C:\Development\gitextensions\</Path>
    </Repository>
    <Repository>
      <Anchor>MostRecent</Anchor>
      <Path>C:\Development\gitextensions\Externals\NBug\</Path>
    </Repository>
    <Repository>
      <Anchor>LessRecent</Anchor>
      <Path>C:\Development\gitextensions\GitExtensionsDoc\</Path>
    </Repository>
  </Repositories>
</RepositoryHistory>